iocon_15xx.h:95:20:void Chip_IOCON_PinMuxSet(LPC_IOCON_T*, uint8_t, uint8_t, uint32_t)	24	static
swm_15xx.h:232:20:void Chip_SWM_MovablePortPinAssign(CHIP_SWM_PIN_MOVABLE_T, uint8_t, uint8_t)	16	static
gpio_15xx.h:121:20:bool Chip_GPIO_GetPinState(LPC_GPIO_T*, uint8_t, uint8_t)	16	static
gpio_15xx.h:146:20:void Chip_GPIO_SetPinDIROutput(LPC_GPIO_T*, uint8_t, uint8_t)	16	static
gpio_15xx.h:158:20:void Chip_GPIO_SetPinDIRInput(LPC_GPIO_T*, uint8_t, uint8_t)	16	static
Lab_7_Ex2.cpp:40:2:DigitalIoPin::DigitalIoPin(int, int, bool, bool, bool)	32	static
Lab_7_Ex2.cpp:71:10:DigitalIoPin::~DigitalIoPin()	16	static
Lab_7_Ex2.cpp:71:10:virtual DigitalIoPin::~DigitalIoPin()	16	static
Lab_7_Ex2.cpp:72:7:bool DigitalIoPin::read()	16	static
Lab_7_Ex2.cpp:100:13:void vLEDTask1(void*)	16	static
Lab_7_Ex2.cpp:113:13:void vLEDTask2(void*)	16	static
Lab_7_Ex2.cpp:136:13:void vUARTTask(void*)	16	static
Lab_7_Ex2.cpp:155:6:void vConfigureTimerForRunTimeStats()	8	static
Lab_7_Ex2.cpp:163:6:void SCT_Init()	8	static
Lab_7_Ex2.cpp:184:13:void prvSetupHardware()	8	static
Lab_7_Ex2.cpp:203:5:int main()	24	static
