core_cm3.h:1323:22:void NVIC_EnableIRQ(IRQn_Type)	16	static
core_cm3.h:1335:22:void NVIC_DisableIRQ(IRQn_Type)	16	static
core_cm3.h:1405:22:void NVIC_SetPriority(IRQn_Type, uint32_t)	16	static
iocon_15xx.h:95:20:void Chip_IOCON_PinMuxSet(LPC_IOCON_T*, uint8_t, uint8_t, uint32_t)	24	static
swm_15xx.h:232:20:void Chip_SWM_MovablePortPinAssign(CHIP_SWM_PIN_MOVABLE_T, uint8_t, uint8_t)	16	static
gpio_15xx.h:95:20:void Chip_GPIO_SetPinState(LPC_GPIO_T*, uint8_t, uint8_t, bool)	16	static
gpio_15xx.h:121:20:bool Chip_GPIO_GetPinState(LPC_GPIO_T*, uint8_t, uint8_t)	16	static
gpio_15xx.h:146:20:void Chip_GPIO_SetPinDIROutput(LPC_GPIO_T*, uint8_t, uint8_t)	16	static
gpio_15xx.h:158:20:void Chip_GPIO_SetPinDIRInput(LPC_GPIO_T*, uint8_t, uint8_t)	16	static
ritimer_15xx.h:107:20:void Chip_RIT_Enable(LPC_RITIMER_T*)	16	static
ritimer_15xx.h:117:20:void Chip_RIT_Disable(LPC_RITIMER_T*)	16	static
ritimer_15xx.h:151:20:void Chip_RIT_EnableCompClear(LPC_RITIMER_T*)	16	static
ritimer_15xx.h:181:20:void Chip_RIT_ClearIntStatus(LPC_RITIMER_T*)	16	static
Lab_6_Ex1.cpp:51:2:DigitalIoPin::DigitalIoPin(int, int, bool, bool, bool)	32	static
Lab_6_Ex1.cpp:82:10:DigitalIoPin::~DigitalIoPin()	16	static
Lab_6_Ex1.cpp:82:10:virtual DigitalIoPin::~DigitalIoPin()	16	static
Lab_6_Ex1.cpp:83:7:bool DigitalIoPin::read()	16	static
Lab_6_Ex1.cpp:90:7:void DigitalIoPin::write(bool)	16	static
Lab_6_Ex1.cpp:109:13:void prvSetupHardware()	88	static
Lab_6_Ex1.cpp:162:6:void RIT_IRQHandler()	16	static
Lab_6_Ex1.cpp:191:6:bool RIT_start(int, int)	32	static
Lab_6_Ex1.cpp:231:13:void FirstWait_n_LimitLights(void*)	24	static
Lab_6_Ex1.cpp:262:6:void drive(bool)	16	static
Lab_6_Ex1.cpp:271:6:void UARTTask(void*)	192	static
Lab_6_Ex1.cpp:296:6:void commandGiver(void*)	200	static
Lab_6_Ex1.cpp:366:13:void FindLimits_n_Drive(void*)	168	static
Lab_6_Ex1.cpp:470:6:void vConfigureTimerForRunTimeStats()	8	static
Lab_6_Ex1.cpp:488:5:int main()	24	static
