core_cm3.h:1323:22:void NVIC_EnableIRQ(IRQn_Type)	16	static
core_cm3.h:1375:22:void NVIC_ClearPendingIRQ(IRQn_Type)	16	static
core_cm3.h:1405:22:void NVIC_SetPriority(IRQn_Type, uint32_t)	16	static
sysctl_15xx.h:185:20:void Chip_SYSCTL_PeriphReset(CHIP_SYSCTL_PERIPH_RESET_T)	16	static
iocon_15xx.h:95:20:void Chip_IOCON_PinMuxSet(LPC_IOCON_T*, uint8_t, uint8_t, uint32_t)	24	static
gpio_15xx.h:121:20:bool Chip_GPIO_GetPinState(LPC_GPIO_T*, uint8_t, uint8_t)	16	static
gpio_15xx.h:146:20:void Chip_GPIO_SetPinDIROutput(LPC_GPIO_T*, uint8_t, uint8_t)	16	static
gpio_15xx.h:158:20:void Chip_GPIO_SetPinDIRInput(LPC_GPIO_T*, uint8_t, uint8_t)	16	static
pinint_15xx.h:79:20:void Chip_PININT_Init(LPC_PIN_INT_T*)	16	static
pinint_15xx.h:101:20:void Chip_PININT_SetPinModeEdge(LPC_PIN_INT_T*, uint32_t)	16	static
pinint_15xx.h:171:20:void Chip_PININT_EnableIntLow(LPC_PIN_INT_T*, uint32_t)	16	static
pinint_15xx.h:245:20:void Chip_PININT_ClearIntStatus(LPC_PIN_INT_T*, uint32_t)	16	static
inmux_15xx.h:221:20:void Chip_INMUX_PinIntSel(uint8_t, uint8_t, uint8_t)	16	static
Lab_8_Ex3.cpp:43:2:DigitalIoPin::DigitalIoPin(int, int, bool, bool, bool)	32	static
Lab_8_Ex3.cpp:74:10:DigitalIoPin::~DigitalIoPin()	16	static
Lab_8_Ex3.cpp:74:10:virtual DigitalIoPin::~DigitalIoPin()	16	static
Lab_8_Ex3.cpp:75:7:bool DigitalIoPin::read()	16	static
Lab_8_Ex3.cpp:111:6:void PIN_INT0_IRQHandler()	16	static
Lab_8_Ex3.cpp:122:6:void PIN_INT1_IRQHandler()	16	static
Lab_8_Ex3.cpp:140:13:void vLEDTask1(void*)	24	static
Lab_8_Ex3.cpp:162:13:void vLEDTask2(void*)	24	static
Lab_8_Ex3.cpp:194:13:void vUARTTask(void*)	192	static
Lab_8_Ex3.cpp:321:6:void vConfigureTimerForRunTimeStats()	8	static
Lab_8_Ex3.cpp:332:13:void prvSetupHardware()	8	static
Lab_8_Ex3.cpp:387:5:int main()	24	static
