iocon_15xx.h:95:20:void Chip_IOCON_PinMuxSet(LPC_IOCON_T*, uint8_t, uint8_t, uint32_t)	24	static
swm_15xx.h:232:20:void Chip_SWM_MovablePortPinAssign(CHIP_SWM_PIN_MOVABLE_T, uint8_t, uint8_t)	16	static
gpio_15xx.h:121:20:bool Chip_GPIO_GetPinState(LPC_GPIO_T*, uint8_t, uint8_t)	16	static
gpio_15xx.h:146:20:void Chip_GPIO_SetPinDIROutput(LPC_GPIO_T*, uint8_t, uint8_t)	16	static
gpio_15xx.h:158:20:void Chip_GPIO_SetPinDIRInput(LPC_GPIO_T*, uint8_t, uint8_t)	16	static
sct_15xx.h:379:20:void Chip_SCT_SetMatchReload(LPC_SCT_T*, CHIP_SCT_MATCH_REG_T, uint32_t)	24	static
sct_15xx.h:434:20:void Chip_SCT_ClearControl(LPC_SCT_T*, uint32_t)	16	static
sct_pwm_15xx.h:56:24:uint32_t Chip_SCTPWM_GetTicksPerCycle(LPC_SCT_T*)	16	static
sct_pwm_15xx.h:71:24:uint32_t Chip_SCTPWM_PercentageToTicks(LPC_SCT_T*, uint8_t)	16	static
sct_pwm_15xx.h:103:20:void Chip_SCTPWM_SetDutyCycle(LPC_SCT_T*, uint8_t, uint32_t)	24	static
sct_pwm_15xx.h:113:20:void Chip_SCTPWM_Init(LPC_SCT_T*)	16	static
sct_pwm_15xx.h:129:20:void Chip_SCTPWM_Start(LPC_SCT_T*)	16	static
Lab_7_Ex2test.cpp:40:2:DigitalIoPin::DigitalIoPin(int, int, bool, bool, bool)	32	static
Lab_7_Ex2test.cpp:71:10:DigitalIoPin::~DigitalIoPin()	16	static
Lab_7_Ex2test.cpp:71:10:virtual DigitalIoPin::~DigitalIoPin()	16	static
Lab_7_Ex2test.cpp:72:7:bool DigitalIoPin::read()	16	static
Lab_7_Ex2test.cpp:100:13:void vLEDTask1(void*)	16	static
Lab_7_Ex2test.cpp:113:13:void vLEDTask2(void*)	16	static
Lab_7_Ex2test.cpp:126:13:void vUARTTask(void*)	16	static
Lab_7_Ex2test.cpp:145:6:void vConfigureTimerForRunTimeStats()	8	static
Lab_7_Ex2test.cpp:153:6:void SCT_Init()	8	static
Lab_7_Ex2test.cpp:174:13:void prvSetupHardware()	8	static
Lab_7_Ex2test.cpp:197:5:int main()	24	static
