iocon_15xx.h:95:20:void Chip_IOCON_PinMuxSet(LPC_IOCON_T*, uint8_t, uint8_t, uint32_t)	24	static
gpio_15xx.h:146:20:void Chip_GPIO_SetPinDIROutput(LPC_GPIO_T*, uint8_t, uint8_t)	16	static
gpio_15xx.h:158:20:void Chip_GPIO_SetPinDIRInput(LPC_GPIO_T*, uint8_t, uint8_t)	16	static
Lab_1_Ex2.cpp:45:2:DigitalIoPin::DigitalIoPin(int, int, bool, bool, bool)	32	static
Lab_1_Ex2.cpp:76:10:DigitalIoPin::~DigitalIoPin()	16	static
Lab_1_Ex2.cpp:76:10:virtual DigitalIoPin::~DigitalIoPin()	16	static
Lab_1_Ex2.cpp:94:13:void prvSetupHardware()	8	static
Lab_1_Ex2.cpp:104:13:void vLEDTask1(void*)	32	static
Lab_1_Ex2.cpp:139:13:void vLEDTask2(void*)	24	static
Lab_1_Ex2.cpp:158:13:void vUARTTask(void*)	32	static
Lab_1_Ex2.cpp:180:6:void vConfigureTimerForRunTimeStats()	8	static
Lab_1_Ex2.cpp:193:5:int main()	40	static
