core_cm3.h:1323:22:void NVIC_EnableIRQ(IRQn_Type)	16	static
core_cm3.h:1375:22:void NVIC_ClearPendingIRQ(IRQn_Type)	16	static
core_cm3.h:1405:22:void NVIC_SetPriority(IRQn_Type, uint32_t)	16	static
sysctl_15xx.h:185:20:void Chip_SYSCTL_PeriphReset(CHIP_SYSCTL_PERIPH_RESET_T)	16	static
iocon_15xx.h:95:20:void Chip_IOCON_PinMuxSet(LPC_IOCON_T*, uint8_t, uint8_t, uint32_t)	24	static
gpio_15xx.h:146:20:void Chip_GPIO_SetPinDIROutput(LPC_GPIO_T*, uint8_t, uint8_t)	16	static
gpio_15xx.h:158:20:void Chip_GPIO_SetPinDIRInput(LPC_GPIO_T*, uint8_t, uint8_t)	16	static
pinint_15xx.h:79:20:void Chip_PININT_Init(LPC_PIN_INT_T*)	16	static
pinint_15xx.h:101:20:void Chip_PININT_SetPinModeEdge(LPC_PIN_INT_T*, uint32_t)	16	static
pinint_15xx.h:171:20:void Chip_PININT_EnableIntLow(LPC_PIN_INT_T*, uint32_t)	16	static
pinint_15xx.h:245:20:void Chip_PININT_ClearIntStatus(LPC_PIN_INT_T*, uint32_t)	16	static
inmux_15xx.h:221:20:void Chip_INMUX_PinIntSel(uint8_t, uint8_t, uint8_t)	16	static
Lab_8_Ex2.cpp:43:2:DigitalIoPin::DigitalIoPin(int, int, bool, bool, bool)	32	static
Lab_8_Ex2.cpp:74:10:DigitalIoPin::~DigitalIoPin()	16	static
Lab_8_Ex2.cpp:74:10:virtual DigitalIoPin::~DigitalIoPin()	16	static
Lab_8_Ex2.cpp:112:6:void PIN_INT0_IRQHandler()	24	static
Lab_8_Ex2.cpp:123:6:void PIN_INT1_IRQHandler()	24	static
Lab_8_Ex2.cpp:133:6:void PIN_INT2_IRQHandler()	24	static
Lab_8_Ex2.cpp:154:13:void vLEDTask2(void*)	168	static
Lab_8_Ex2.cpp:186:13:void vUARTTask(void*)	232	static
Lab_8_Ex2.cpp:248:6:void vConfigureTimerForRunTimeStats()	8	static
Lab_8_Ex2.cpp:259:13:void prvSetupHardware()	8	static
Lab_8_Ex2.cpp:326:5:int main()	24	static
